
[DEBUG] Processing site: Harbour PD Work Flow
[DEBUG] Source site ID: harbouroutdoorasialimited.sharepoint.com,7837dbde-8906-450a-a5a5-4edd4f500c69,c9539bff-caa4-4ef7-8c9c-b47643762e06
[DEBUG] Target site ID: paizesoffice.sharepoint.com,12557827-a2f0-4c1e-b6b7-ab01d2f8ab0f,2ddea4b1-624c-4c3b-aab7-66af0c42ea48
[DEBUG] Discovering libraries in source site...
[DEBUG] Found 2 libraries in source site
[DEBUG] Discovering libraries in target site...
[DEBUG] Found 1 libraries in target site
[DEBUG] Copying library: Documents
  [+] Copied file: HARBOUR 10-2420177.jpg (4.10 MB)
  [+] Copied file: HARBOUR 10-2420179.jpg (5.93 MB)
  [+] Copied file: HARBOUR 10-2420180.jpg (5.65 MB)
  [+] Copied file: HARBOUR 10-2420182.jpg (6.04 MB)
    >> HARBOUR 10-2420185.jpg: 100% (12.8 MB / 12.8 MB)
  [+] Copied file: HARBOUR 10-2420185.jpg (12.84 MB)
  [+] Copied file: HARBOUR 10-2420188.jpg (3.98 MB)
  [+] Copied file: HARBOUR 10-2420190.jpg (4.45 MB)
  [+] Copied file: HARBOUR 10-2420191.jpg (6.76 MB)
  [+] Copied file: HARBOUR 10-2420192.jpg (10.67 MB)
    >> HARBOUR 10-2420193.jpg: 100% (13.2 MB / 13.2 MB)
  [+] Copied file: HARBOUR 10-2420193.jpg (13.20 MB)
    >> HARBOUR 10-2420194.jpg: 100% (14.1 MB / 14.1 MB)
  [+] Copied file: HARBOUR 10-2420194.jpg (14.13 MB)
  [+] Copied file: HARBOUR 10-2420196.jpg (4.69 MB)
  [+] Copied file: HARBOUR 10-2420198.jpg (3.99 MB)
  [+] Copied file: HARBOUR 10-2420203.jpg (4.67 MB)
  [+] Copied file: HARBOUR 10-2420204.jpg (4.86 MB)
  [+] Copied file: HARBOUR 10-2420205.jpg (5.95 MB)
  [+] Copied file: HARBOUR 10-2420207.jpg (10.37 MB)
  [+] Copied file: HARBOUR 10-2420208.jpg (11.78 MB)
  [+] Copied file: HARBOUR 10-2420214.jpg (4.60 MB)
  [+] Copied file: HARBOUR 10-2420216.jpg (4.67 MB)
  [+] Copied file: HARBOUR 10-2420219.jpg (6.10 MB)
    >> HARBOUR 10-2420221.jpg: 100% (14.7 MB / 14.7 MB)
  [+] Copied file: HARBOUR 10-2420221.jpg (14.66 MB)
  [+] Copied file: HARBOUR 10-2420222.jpg (11.83 MB)
  [+] Copied file: HARBOUR 10-2420223.jpg (9.12 MB)
  [+] Copied file: HARBOUR 10-2420224.jpg (1.75 MB)
  [+] Copied file: HARBOUR 10-2420226.jpg (4.02 MB)
  [+] Copied file: HARBOUR 10-2420231.jpg (4.54 MB)
  [+] Copied file: HARBOUR 10-2420234.jpg (4.01 MB)
  [+] Copied file: HARBOUR 10-2420236.jpg (4.06 MB)
  [+] Copied file: HARBOUR 10-2420238.jpg (4.96 MB)
  [+] Copied file: HARBOUR 10-2420241.jpg (6.02 MB)
  [+] Copied file: HARBOUR 10-2420242.jpg (5.88 MB)
  [+] Copied file: HARBOUR 10-2420243.jpg (6.96 MB)
  [+] Copied file: HARBOUR 10-2420244.jpg (9.67 MB)
  [+] Copied file: HARBOUR 10-2420247.jpg (6.13 MB)
  [+] Copied file: HARBOUR 10-2420250.jpg (9.83 MB)
  [+] Copied file: HARBOUR 10-2420252.jpg (8.61 MB)
  [+] Copied file: HARBOUR 10-2420254.jpg (8.15 MB)
    >> HARBOUR 10-2420255.jpg: 58% (15.6 MB / 26.9 MB)
  [+] Copied file: HARBOUR 10-2420255.jpg (26.86 MB)
    >> HARBOUR 10-2420256.jpg: 100% (13.2 MB / 13.2 MB)
  [+] Copied file: HARBOUR 10-2420256.jpg (13.22 MB)
  [+] Copied file: HARBOUR 10-2420258.jpg (9.77 MB)
  [+] Created folder: PSD
  [+] Created folder: HARBOUR 10-30-150psd
    >> HARBOUR 10-2420090.psd: 77% (15.6 MB / 20.2 MB)
  [+] Copied file: HARBOUR 10-2420090.psd (20.25 MB)
    >> HARBOUR 10-2420092.psd: 46% (15.6 MB / 33.8 MB)
    >> HARBOUR 10-2420092.psd: 92% (31.2 MB / 33.8 MB)
  [+] Copied file: HARBOUR 10-2420092.psd (33.77 MB)
    >> HARBOUR 10-2420093.psd: 30% (15.6 MB / 51.5 MB)
    >> HARBOUR 10-2420093.psd: 60% (31.2 MB / 51.5 MB)
    >> HARBOUR 10-2420093.psd: 91% (46.9 MB / 51.5 MB)
  [+] Copied file: HARBOUR 10-2420093.psd (51.48 MB)
    >> HARBOUR 10-2420094.psd: 31% (15.6 MB / 49.7 MB)
    >> HARBOUR 10-2420094.psd: 62% (31.2 MB / 49.7 MB)
    >> HARBOUR 10-2420094.psd: 94% (46.9 MB / 49.7 MB)
  [+] Copied file: HARBOUR 10-2420094.psd (49.68 MB)
    >> HARBOUR 10-2420095.psd: 18% (15.6 MB / 86.6 MB)
    >> HARBOUR 10-2420095.psd: 36% (31.2 MB / 86.6 MB)
    >> HARBOUR 10-2420095.psd: 54% (46.9 MB / 86.6 MB)
    >> HARBOUR 10-2420095.psd: 72% (62.5 MB / 86.6 MB)
    >> HARBOUR 10-2420095.psd: 90% (78.1 MB / 86.6 MB)
  [+] Copied file: HARBOUR 10-2420095.psd (86.59 MB)
    >> HARBOUR 10-2420100.psd: 72% (15.6 MB / 21.7 MB)
  [+] Copied file: HARBOUR 10-2420100.psd (21.69 MB)
    >> HARBOUR 10-2420104.psd: 68% (15.6 MB / 22.9 MB)
  [+] Copied file: HARBOUR 10-2420104.psd (22.92 MB)
    >> HARBOUR 10-2420109.psd: 82% (15.6 MB / 19.0 MB)
  [+] Copied file: HARBOUR 10-2420109.psd (19.04 MB)
    >> HARBOUR 10-2420112.psd: 47% (15.6 MB / 32.6 MB)
    >> HARBOUR 10-2420112.psd: 95% (31.2 MB / 32.6 MB)
  [+] Copied file: HARBOUR 10-2420112.psd (32.59 MB)
    >> HARBOUR 10-2420114.psd: 74% (15.6 MB / 21.0 MB)
  [+] Copied file: HARBOUR 10-2420114.psd (20.99 MB)
    >> HARBOUR 10-2420116.psd: 50% (15.6 MB / 30.9 MB)
    >> HARBOUR 10-2420116.psd: 100% (30.9 MB / 30.9 MB)
  [+] Copied file: HARBOUR 10-2420116.psd (30.93 MB)
    >> HARBOUR 10-2420117.psd: 23% (15.6 MB / 65.4 MB)
    >> HARBOUR 10-2420117.psd: 47% (31.2 MB / 65.4 MB)
    >> HARBOUR 10-2420117.psd: 71% (46.9 MB / 65.4 MB)
    >> HARBOUR 10-2420117.psd: 95% (62.5 MB / 65.4 MB)
  [+] Copied file: HARBOUR 10-2420117.psd (65.37 MB)
    >> HARBOUR 10-2420119.psd: 22% (15.6 MB / 69.0 MB)
    >> HARBOUR 10-2420119.psd: 45% (31.2 MB / 69.0 MB)
    >> HARBOUR 10-2420119.psd: 67% (46.9 MB / 69.0 MB)
    >> HARBOUR 10-2420119.psd: 90% (62.5 MB / 69.0 MB)
  [+] Copied file: HARBOUR 10-2420119.psd (68.96 MB)
    >> HARBOUR 10-2420124.psd: 90% (15.6 MB / 17.3 MB)
  [+] Copied file: HARBOUR 10-2420124.psd (17.34 MB)
    >> HARBOUR 10-2420127.psd: 79% (15.6 MB / 19.6 MB)
  [+] Copied file: HARBOUR 10-2420127.psd (19.58 MB)
    >> HARBOUR 10-2420129.psd: 53% (15.6 MB / 29.5 MB)
    >> HARBOUR 10-2420129.psd: 100% (29.5 MB / 29.5 MB)
  [+] Copied file: HARBOUR 10-2420129.psd (29.47 MB)
    >> HARBOUR 10-2420130.psd: 21% (15.6 MB / 73.7 MB)
    >> HARBOUR 10-2420130.psd: 42% (31.2 MB / 73.7 MB)
    >> HARBOUR 10-2420130.psd: 63% (46.9 MB / 73.7 MB)
    >> HARBOUR 10-2420130.psd: 84% (62.5 MB / 73.7 MB)
  [+] Copied file: HARBOUR 10-2420130.psd (73.71 MB)
    >> HARBOUR 10-2420131.psd: 31% (15.6 MB / 49.4 MB)
    >> HARBOUR 10-2420131.psd: 63% (31.2 MB / 49.4 MB)
    >> HARBOUR 10-2420131.psd: 94% (46.9 MB / 49.4 MB)
  [+] Copied file: HARBOUR 10-2420131.psd (49.44 MB)
    >> HARBOUR 10-2420134.psd: 63% (15.6 MB / 24.7 MB)
  [+] Copied file: HARBOUR 10-2420134.psd (24.68 MB)
    >> HARBOUR 10-2420137.psd: 68% (15.6 MB / 22.9 MB)
  [+] Copied file: HARBOUR 10-2420137.psd (22.93 MB)
    >> HARBOUR 10-2420139.psd: 36% (15.6 MB / 43.1 MB)
    >> HARBOUR 10-2420139.psd: 72% (31.2 MB / 43.1 MB)
  [+] Copied file: HARBOUR 10-2420139.psd (43.08 MB)
    >> HARBOUR 10-2420140.psd: 19% (15.6 MB / 79.0 MB)
    >> HARBOUR 10-2420140.psd: 39% (31.2 MB / 79.0 MB)
    >> HARBOUR 10-2420140.psd: 59% (46.9 MB / 79.0 MB)
    >> HARBOUR 10-2420140.psd: 79% (62.5 MB / 79.0 MB)
    >> HARBOUR 10-2420140.psd: 98% (78.1 MB / 79.0 MB)
  [+] Copied file: HARBOUR 10-2420140.psd (78.96 MB)
    >> HARBOUR 10-2420141.psd: 27% (15.6 MB / 57.4 MB)
    >> HARBOUR 10-2420141.psd: 54% (31.2 MB / 57.4 MB)
    >> HARBOUR 10-2420141.psd: 81% (46.9 MB / 57.4 MB)
  [+] Copied file: HARBOUR 10-2420141.psd (57.44 MB)
    >> HARBOUR 10-2420142.psd: 22% (15.6 MB / 68.7 MB)
    >> HARBOUR 10-2420142.psd: 45% (31.2 MB / 68.7 MB)
    >> HARBOUR 10-2420142.psd: 68% (46.9 MB / 68.7 MB)
    >> HARBOUR 10-2420142.psd: 90% (62.5 MB / 68.7 MB)
  [+] Copied file: HARBOUR 10-2420142.psd (68.74 MB)
    >> HARBOUR 10-2420145.psd: 63% (15.6 MB / 24.5 MB)
  [+] Copied file: HARBOUR 10-2420145.psd (24.46 MB)
    >> HARBOUR 10-2420151.psd: 98% (15.6 MB / 15.9 MB)
  [+] Copied file: HARBOUR 10-2420151.psd (15.88 MB)
    >> HARBOUR 10-2420155.psd: 75% (15.6 MB / 20.6 MB)
  [+] Copied file: HARBOUR 10-2420155.psd (20.59 MB)
    >> HARBOUR 10-2420159.psd: 58% (15.6 MB / 26.6 MB)
  [+] Copied file: HARBOUR 10-2420159.psd (26.63 MB)
    >> HARBOUR 10-2420161.psd: 17% (15.6 MB / 89.0 MB)
    >> HARBOUR 10-2420161.psd: 35% (31.2 MB / 89.0 MB)
    >> HARBOUR 10-2420161.psd: 52% (46.9 MB / 89.0 MB)
    >> HARBOUR 10-2420161.psd: 70% (62.5 MB / 89.0 MB)
    >> HARBOUR 10-2420161.psd: 87% (78.1 MB / 89.0 MB)
  [+] Copied file: HARBOUR 10-2420161.psd (89.05 MB)
    >> HARBOUR 10-2420162.psd: 35% (15.6 MB / 43.8 MB)
    >> HARBOUR 10-2420162.psd: 71% (31.2 MB / 43.8 MB)
    >> HARBOUR 10-2420162.psd: 100% (43.8 MB / 43.8 MB)
  [+] Copied file: HARBOUR 10-2420162.psd (43.76 MB)
    >> HARBOUR 10-2420163.psd: 28% (15.6 MB / 55.1 MB)
    >> HARBOUR 10-2420163.psd: 56% (31.2 MB / 55.1 MB)
    >> HARBOUR 10-2420163.psd: 85% (46.9 MB / 55.1 MB)
  [+] Copied file: HARBOUR 10-2420163.psd (55.09 MB)
    >> HARBOUR 10-2420165.psd: 76% (15.6 MB / 20.5 MB)
  [+] Copied file: HARBOUR 10-2420165.psd (20.54 MB)
    >> HARBOUR 10-2420168.psd: 98% (15.6 MB / 15.9 MB)
  [+] Copied file: HARBOUR 10-2420168.psd (15.85 MB)
    >> HARBOUR 10-2420170.psd: 45% (15.6 MB / 34.6 MB)
    >> HARBOUR 10-2420170.psd: 90% (31.2 MB / 34.6 MB)
  [+] Copied file: HARBOUR 10-2420170.psd (34.56 MB)
    >> HARBOUR 10-2420171.psd: 22% (15.6 MB / 69.0 MB)
    >> HARBOUR 10-2420171.psd: 45% (31.2 MB / 69.0 MB)
    >> HARBOUR 10-2420171.psd: 67% (46.9 MB / 69.0 MB)
    >> HARBOUR 10-2420171.psd: 90% (62.5 MB / 69.0 MB)
  [+] Copied file: HARBOUR 10-2420171.psd (69.02 MB)
    >> HARBOUR 10-2420172.psd: 30% (15.6 MB / 52.0 MB)
    >> HARBOUR 10-2420172.psd: 60% (31.2 MB / 52.0 MB)
    >> HARBOUR 10-2420172.psd: 90% (46.9 MB / 52.0 MB)
  [+] Copied file: HARBOUR 10-2420172.psd (51.99 MB)
    >> HARBOUR 10-2420173.psd: 55% (15.6 MB / 28.0 MB)
  [+] Copied file: HARBOUR 10-2420173.psd (27.95 MB)
    >> HARBOUR 10-2420174.psd: 69% (15.6 MB / 22.4 MB)
  [+] Copied file: HARBOUR 10-2420174.psd (22.35 MB)
    >> HARBOUR 10-2420177.psd: 100% (15.2 MB / 15.2 MB)
  [+] Copied file: HARBOUR 10-2420177.psd (15.24 MB)
    >> HARBOUR 10-2420179.psd: 82% (15.6 MB / 18.9 MB)
  [+] Copied file: HARBOUR 10-2420179.psd (18.85 MB)
    >> HARBOUR 10-2420180.psd: 91% (15.6 MB / 17.2 MB)
  [+] Copied file: HARBOUR 10-2420180.psd (17.16 MB)
    >> HARBOUR 10-2420182.psd: 67% (15.6 MB / 23.3 MB)
  [+] Copied file: HARBOUR 10-2420182.psd (23.29 MB)
    >> HARBOUR 10-2420185.psd: 24% (15.6 MB / 64.7 MB)
    >> HARBOUR 10-2420185.psd: 48% (31.2 MB / 64.7 MB)
    >> HARBOUR 10-2420185.psd: 72% (46.9 MB / 64.7 MB)
    >> HARBOUR 10-2420185.psd: 96% (62.5 MB / 64.7 MB)
  [+] Copied file: HARBOUR 10-2420185.psd (64.70 MB)
    >> HARBOUR 10-2420188.psd: 73% (15.6 MB / 21.1 MB)
  [+] Copied file: HARBOUR 10-2420188.psd (21.12 MB)
    >> HARBOUR 10-2420190.psd: 62% (15.6 MB / 25.0 MB)
  [+] Copied file: HARBOUR 10-2420190.psd (25.02 MB)
    >> HARBOUR 10-2420191.psd: 48% (15.6 MB / 32.5 MB)
    >> HARBOUR 10-2420191.psd: 96% (31.2 MB / 32.5 MB)
  [+] Copied file: HARBOUR 10-2420191.psd (32.49 MB)
    >> HARBOUR 10-2420192.psd: 20% (15.6 MB / 76.4 MB)
    >> HARBOUR 10-2420192.psd: 40% (31.2 MB / 76.4 MB)
    >> HARBOUR 10-2420192.psd: 61% (46.9 MB / 76.4 MB)
    >> HARBOUR 10-2420192.psd: 81% (62.5 MB / 76.4 MB)
    >> HARBOUR 10-2420192.psd: 100% (76.4 MB / 76.4 MB)
  [+] Copied file: HARBOUR 10-2420192.psd (76.44 MB)
    >> HARBOUR 10-2420193.psd: 26% (15.6 MB / 59.2 MB)
    >> HARBOUR 10-2420193.psd: 52% (31.2 MB / 59.2 MB)
    >> HARBOUR 10-2420193.psd: 79% (46.9 MB / 59.2 MB)
  [+] Copied file: HARBOUR 10-2420193.psd (59.16 MB)
    >> HARBOUR 10-2420194.psd: 18% (15.6 MB / 83.2 MB)
    >> HARBOUR 10-2420194.psd: 37% (31.2 MB / 83.2 MB)
    >> HARBOUR 10-2420194.psd: 56% (46.9 MB / 83.2 MB)
    >> HARBOUR 10-2420194.psd: 75% (62.5 MB / 83.2 MB)
    >> HARBOUR 10-2420194.psd: 93% (78.1 MB / 83.2 MB)
  [+] Copied file: HARBOUR 10-2420194.psd (83.17 MB)
    >> HARBOUR 10-2420196.psd: 93% (15.6 MB / 16.8 MB)
  [+] Copied file: HARBOUR 10-2420196.psd (16.79 MB)
    >> HARBOUR 10-2420198.psd: 96% (15.6 MB / 16.2 MB)
  [+] Copied file: HARBOUR 10-2420198.psd (16.18 MB)
    >> HARBOUR 10-2420203.psd: 89% (15.6 MB / 17.4 MB)
  [+] Copied file: HARBOUR 10-2420203.psd (17.43 MB)
    >> HARBOUR 10-2420204.psd: 85% (15.6 MB / 18.3 MB)
  [+] Copied file: HARBOUR 10-2420204.psd (18.26 MB)
    >> HARBOUR 10-2420205.psd: 67% (15.6 MB / 23.0 MB)
  [+] Copied file: HARBOUR 10-2420205.psd (22.98 MB)
    >> HARBOUR 10-2420207.psd: 29% (15.6 MB / 52.8 MB)
    >> HARBOUR 10-2420207.psd: 59% (31.2 MB / 52.8 MB)
    >> HARBOUR 10-2420207.psd: 88% (46.9 MB / 52.8 MB)
  [+] Copied file: HARBOUR 10-2420207.psd (52.78 MB)
    >> HARBOUR 10-2420208.psd: 17% (15.6 MB / 91.6 MB)
    >> HARBOUR 10-2420208.psd: 34% (31.2 MB / 91.6 MB)
    >> HARBOUR 10-2420208.psd: 51% (46.9 MB / 91.6 MB)
    >> HARBOUR 10-2420208.psd: 68% (62.5 MB / 91.6 MB)
    >> HARBOUR 10-2420208.psd: 85% (78.1 MB / 91.6 MB)
    >> HARBOUR 10-2420208.psd: 100% (91.6 MB / 91.6 MB)
  [+] Copied file: HARBOUR 10-2420208.psd (91.57 MB)
    >> HARBOUR 10-2420214.psd: 90% (15.6 MB / 17.3 MB)
  [+] Copied file: HARBOUR 10-2420214.psd (17.28 MB)
    >> HARBOUR 10-2420216.psd: 82% (15.6 MB / 18.9 MB)
  [+] Copied file: HARBOUR 10-2420216.psd (18.89 MB)
    >> HARBOUR 10-2420219.psd: 56% (15.6 MB / 27.5 MB)
  [+] Copied file: HARBOUR 10-2420219.psd (27.46 MB)
    >> HARBOUR 10-2420221.psd: 24% (15.6 MB / 63.4 MB)
    >> HARBOUR 10-2420221.psd: 49% (31.2 MB / 63.4 MB)
    >> HARBOUR 10-2420221.psd: 73% (46.9 MB / 63.4 MB)
    >> HARBOUR 10-2420221.psd: 98% (62.5 MB / 63.4 MB)
  [+] Copied file: HARBOUR 10-2420221.psd (63.43 MB)
    >> HARBOUR 10-2420222.psd: 17% (15.6 MB / 89.1 MB)
    >> HARBOUR 10-2420222.psd: 35% (31.2 MB / 89.1 MB)
    >> HARBOUR 10-2420222.psd: 52% (46.9 MB / 89.1 MB)
    >> HARBOUR 10-2420222.psd: 70% (62.5 MB / 89.1 MB)
    >> HARBOUR 10-2420222.psd: 87% (78.1 MB / 89.1 MB)
  [+] Copied file: HARBOUR 10-2420222.psd (89.07 MB)
    >> HARBOUR 10-2420223.psd: 33% (15.6 MB / 46.5 MB)
    >> HARBOUR 10-2420223.psd: 67% (31.2 MB / 46.5 MB)
    >> HARBOUR 10-2420223.psd: 100% (46.5 MB / 46.5 MB)
  [+] Copied file: HARBOUR 10-2420223.psd (46.52 MB)
    >> HARBOUR 10-2420224.psd: 81% (15.6 MB / 19.3 MB)
  [+] Copied file: HARBOUR 10-2420224.psd (19.29 MB)
    >> HARBOUR 10-2420226.psd: 92% (15.6 MB / 16.9 MB)
  [+] Copied file: HARBOUR 10-2420226.psd (16.93 MB)
    >> HARBOUR 10-2420231.psd: 92% (15.6 MB / 16.9 MB)
  [+] Copied file: HARBOUR 10-2420231.psd (16.86 MB)
    >> HARBOUR 10-2420234.psd: 94% (15.6 MB / 16.5 MB)
  [+] Copied file: HARBOUR 10-2420234.psd (16.54 MB)
    >> HARBOUR 10-2420236.psd: 79% (15.6 MB / 19.6 MB)
  [+] Copied file: HARBOUR 10-2420236.psd (19.61 MB)
    >> HARBOUR 10-2420238.psd: 77% (15.6 MB / 20.2 MB)
  [+] Copied file: HARBOUR 10-2420238.psd (20.24 MB)
    >> HARBOUR 10-2420241.psd: 53% (15.6 MB / 29.0 MB)
    >> HARBOUR 10-2420241.psd: 100% (29.0 MB / 29.0 MB)
  [+] Copied file: HARBOUR 10-2420241.psd (29.02 MB)
    >> HARBOUR 10-2420242.psd: 25% (15.6 MB / 61.1 MB)
    >> HARBOUR 10-2420242.psd: 51% (31.2 MB / 61.1 MB)
    >> HARBOUR 10-2420242.psd: 76% (46.9 MB / 61.1 MB)
    >> HARBOUR 10-2420242.psd: 100% (61.1 MB / 61.1 MB)
  [+] Copied file: HARBOUR 10-2420242.psd (61.09 MB)
    >> HARBOUR 10-2420243.psd: 41% (15.6 MB / 37.3 MB)
    >> HARBOUR 10-2420243.psd: 83% (31.2 MB / 37.3 MB)
  [+] Copied file: HARBOUR 10-2420243.psd (37.26 MB)
    >> HARBOUR 10-2420244.psd: 28% (15.6 MB / 54.7 MB)
    >> HARBOUR 10-2420244.psd: 57% (31.2 MB / 54.7 MB)
    >> HARBOUR 10-2420244.psd: 85% (46.9 MB / 54.7 MB)
  [+] Copied file: HARBOUR 10-2420244.psd (54.71 MB)
    >> HARBOUR 10-2420247.psd: 80% (15.6 MB / 19.5 MB)
  [+] Copied file: HARBOUR 10-2420247.psd (19.51 MB)
    >> HARBOUR 10-2420250.psd: 37% (15.6 MB / 41.4 MB)
    >> HARBOUR 10-2420250.psd: 75% (31.2 MB / 41.4 MB)
  [+] Copied file: HARBOUR 10-2420250.psd (41.38 MB)
    >> HARBOUR 10-2420252.psd: 60% (15.6 MB / 25.7 MB)
  [+] Copied file: HARBOUR 10-2420252.psd (25.70 MB)
    >> HARBOUR 10-2420254.psd: 48% (15.6 MB / 31.9 MB)
    >> HARBOUR 10-2420254.psd: 97% (31.2 MB / 31.9 MB)
  [+] Copied file: HARBOUR 10-2420254.psd (31.92 MB)
    >> HARBOUR 10-2420255.psd: 24% (15.6 MB / 62.5 MB)
    >> HARBOUR 10-2420255.psd: 49% (31.2 MB / 62.5 MB)
    >> HARBOUR 10-2420255.psd: 74% (46.9 MB / 62.5 MB)
    >> HARBOUR 10-2420255.psd: 99% (62.5 MB / 62.5 MB)
  [+] Copied file: HARBOUR 10-2420255.psd (62.52 MB)
    >> HARBOUR 10-2420256.psd: 27% (15.6 MB / 57.1 MB)
    >> HARBOUR 10-2420256.psd: 54% (31.2 MB / 57.1 MB)
    >> HARBOUR 10-2420256.psd: 82% (46.9 MB / 57.1 MB)
  [+] Copied file: HARBOUR 10-2420256.psd (57.08 MB)
    >> HARBOUR 10-2420258.psd: 51% (15.6 MB / 30.6 MB)
    >> HARBOUR 10-2420258.psd: 100% (30.6 MB / 30.6 MB)
  [+] Copied file: HARBOUR 10-2420258.psd (30.62 MB)
  [+] Created folder: HARBOUR -2025-5
  [+] Created folder: 150psd
  [+] Copied file: HARBOUR 4-87710.psd (7.19 MB)
    >> HARBOUR 4-87711.psd: 83% (15.6 MB / 18.7 MB)
  [+] Copied file: HARBOUR 4-87711.psd (18.68 MB)
  [+] Copied file: HARBOUR 4-87715.psd (8.31 MB)
    >> HARBOUR 4-87716.psd: 100% (12.9 MB / 12.9 MB)
  [+] Copied file: HARBOUR 4-87716.psd (12.89 MB)
    >> HARBOUR 4-87717.psd: 70% (15.6 MB / 22.2 MB)
  [+] Copied file: HARBOUR 4-87717.psd (22.17 MB)
    >> HARBOUR 4-87718.psd: 36% (15.6 MB / 42.9 MB)
    >> HARBOUR 4-87718.psd: 72% (31.2 MB / 42.9 MB)
  [+] Copied file: HARBOUR 4-87718.psd (42.94 MB)
    >> HARBOUR 4-87719.psd: 60% (15.6 MB / 25.7 MB)
  [+] Copied file: HARBOUR 4-87719.psd (25.70 MB)
  [+] Copied file: HARBOUR 4-87722.psd (4.56 MB)
  [+] Copied file: HARBOUR 4-87723.psd (5.46 MB)
    >> HARBOUR 4-87726.psd: 100% (14.1 MB / 14.1 MB)
  [+] Copied file: HARBOUR 4-87726.psd (14.06 MB)
    >> HARBOUR 4-87727.psd: 92% (15.6 MB / 17.0 MB)
  [+] Copied file: HARBOUR 4-87727.psd (16.98 MB)
  [+] Copied file: HARBOUR 4-87731.psd (5.53 MB)
  [+] Copied file: HARBOUR 4-87732.psd (5.53 MB)
  [+] Copied file: HARBOUR 4-87733.psd (6.65 MB)
    >> HARBOUR 4-87735.psd: 100% (13.2 MB / 13.2 MB)
  [+] Copied file: HARBOUR 4-87735.psd (13.24 MB)
  [+] Copied file: HARBOUR 4-87737.psd (5.92 MB)
  [+] Copied file: HARBOUR 4-87739.psd (6.28 MB)
  [+] Copied file: HARBOUR 4-87741.psd (7.24 MB)
  [+] Copied file: HARBOUR 4-87742.psd (11.82 MB)
    >> HARBOUR 4-87743.psd: 46% (15.6 MB / 33.6 MB)
    >> HARBOUR 4-87743.psd: 93% (31.2 MB / 33.6 MB)
  [+] Copied file: HARBOUR 4-87743.psd (33.57 MB)
    >> HARBOUR 4-87744.psd: 80% (15.6 MB / 19.5 MB)
  [+] Copied file: HARBOUR 4-87744.psd (19.45 MB)
  [+] Copied file: HARBOUR 4-87749.psd (7.11 MB)
  [+] Copied file: HARBOUR 4-87750.psd (9.75 MB)
    >> HARBOUR 4-87751.psd: 49% (15.6 MB / 31.6 MB)
    >> HARBOUR 4-87751.psd: 98% (31.2 MB / 31.6 MB)
  [+] Copied file: HARBOUR 4-87751.psd (31.65 MB)
    >> HARBOUR 4-87752.psd: 85% (15.6 MB / 18.2 MB)
  [+] Copied file: HARBOUR 4-87752.psd (18.21 MB)
  [+] Copied file: HARBOUR 4-87754.psd (6.17 MB)
  [+] Copied file: HARBOUR 4-87757.psd (6.91 MB)
  [+] Copied file: HARBOUR 4-87761.psd (7.01 MB)
    >> HARBOUR 4-87762.psd: 100% (14.3 MB / 14.3 MB)
  [+] Copied file: HARBOUR 4-87762.psd (14.26 MB)
  [+] Copied file: HARBOUR 4-87766.psd (7.38 MB)
  [+] Copied file: HARBOUR 4-87767.psd (10.63 MB)
    >> HARBOUR 4-87768.psd: 48% (15.6 MB / 32.0 MB)
    >> HARBOUR 4-87768.psd: 97% (31.2 MB / 32.0 MB)
  [+] Copied file: HARBOUR 4-87768.psd (31.98 MB)
    >> HARBOUR 4-87769.psd: 53% (15.6 MB / 29.1 MB)
    >> HARBOUR 4-87769.psd: 100% (29.1 MB / 29.1 MB)
  [+] Copied file: HARBOUR 4-87769.psd (29.05 MB)
  [+] Copied file: HARBOUR 4-87771.psd (6.57 MB)
  [+] Copied file: HARBOUR 4-87772.psd (10.71 MB)
    >> HARBOUR 4-87773.psd: 51% (15.6 MB / 30.1 MB)
    >> HARBOUR 4-87773.psd: 100% (30.1 MB / 30.1 MB)
  [+] Copied file: HARBOUR 4-87773.psd (30.14 MB)
    >> HARBOUR 4-87777.psd: 56% (15.6 MB / 27.6 MB)
  [+] Copied file: HARBOUR 4-87777.psd (27.60 MB)
  [+] Copied file: HARBOUR 4-87779.psd (6.69 MB)
    >> HARBOUR 4-87780.psd: 100% (14.6 MB / 14.6 MB)
  [+] Copied file: HARBOUR 4-87780.psd (14.57 MB)
  [+] Copied file: HARBOUR 4-87785.psd (7.38 MB)
    >> HARBOUR 4-87789.psd: 100% (13.5 MB / 13.5 MB)
  [+] Copied file: HARBOUR 4-87789.psd (13.53 MB)
  [+] Copied file: HARBOUR 4-87792.psd (8.52 MB)
  [+] Copied file: HARBOUR 4-87797.psd (12.15 MB)
    >> HARBOUR 4-87798.psd: 63% (15.6 MB / 24.6 MB)
  [+] Copied file: HARBOUR 4-87798.psd (24.61 MB)
    >> HARBOUR 4-87799.psd: 50% (15.6 MB / 30.8 MB)
    >> HARBOUR 4-87799.psd: 100% (30.8 MB / 30.8 MB)
  [+] Copied file: HARBOUR 4-87799.psd (30.81 MB)
  [+] Copied file: HARBOUR 4-88307.psd (8.28 MB)
    >> HARBOUR 4-88308.psd: 89% (15.6 MB / 17.4 MB)
  [+] Copied file: HARBOUR 4-88308.psd (17.39 MB)
  [+] Copied file: HARBOUR 4-88311.psd (8.32 MB)
  [+] Copied file: HARBOUR 4-88312.psd (10.33 MB)
    >> HARBOUR 4-88313.psd: 76% (15.6 MB / 20.4 MB)
  [+] Copied file: HARBOUR 4-88313.psd (20.43 MB)
    >> HARBOUR 4-88314.psd: 44% (15.6 MB / 35.0 MB)
    >> HARBOUR 4-88314.psd: 89% (31.2 MB / 35.0 MB)
  [+] Copied file: HARBOUR 4-88314.psd (34.99 MB)
    >> HARBOUR 4-88316.psd: 60% (15.6 MB / 26.0 MB)
  [+] Copied file: HARBOUR 4-88316.psd (26.04 MB)
  [+] Created folder: 72jpg
  [+] Copied file: HARBOUR 4-87710.jpg (0.39 MB)
  [+] Copied file: HARBOUR 4-87711.jpg (1.20 MB)
  [+] Copied file: HARBOUR 4-87715.jpg (0.43 MB)
  [+] Copied file: HARBOUR 4-87716.jpg (0.55 MB)
  [+] Copied file: HARBOUR 4-87717.jpg (1.12 MB)
  [+] Copied file: HARBOUR 4-87718.jpg (2.55 MB)
  [+] Copied file: HARBOUR 4-87719.jpg (1.21 MB)
  [+] Copied file: HARBOUR 4-87722.jpg (0.24 MB)
  [+] Copied file: HARBOUR 4-87723.jpg (0.28 MB)
  [+] Copied file: HARBOUR 4-87726.jpg (0.35 MB)
  [+] Copied file: HARBOUR 4-87727.jpg (0.84 MB)
  [+] Copied file: HARBOUR 4-87731.jpg (0.24 MB)
  [+] Copied file: HARBOUR 4-87732.jpg (0.23 MB)
  [+] Copied file: HARBOUR 4-87733.jpg (0.28 MB)
  [+] Copied file: HARBOUR 4-87735.jpg (0.74 MB)
  [+] Copied file: HARBOUR 4-87737.jpg (0.26 MB)
  [+] Copied file: HARBOUR 4-87739.jpg (0.27 MB)
  [+] Copied file: HARBOUR 4-87741.jpg (0.30 MB)
  [+] Copied file: HARBOUR 4-87742.jpg (0.40 MB)
  [+] Copied file: HARBOUR 4-87743.jpg (1.20 MB)
  [+] Copied file: HARBOUR 4-87744.jpg (0.58 MB)
  [+] Copied file: HARBOUR 4-87749.jpg (0.29 MB)
  [+] Copied file: HARBOUR 4-87750.jpg (0.35 MB)
  [+] Copied file: HARBOUR 4-87751.jpg (0.98 MB)
  [+] Copied file: HARBOUR 4-87752.jpg (0.56 MB)
  [+] Copied file: HARBOUR 4-87754.jpg (0.26 MB)
  [+] Copied file: HARBOUR 4-87757.jpg (0.28 MB)
  [+] Copied file: HARBOUR 4-87761.jpg (0.34 MB)
  [+] Copied file: HARBOUR 4-87762.jpg (0.49 MB)
  [+] Copied file: HARBOUR 4-87766.jpg (0.33 MB)
  [+] Copied file: HARBOUR 4-87767.jpg (0.51 MB)
  [+] Copied file: HARBOUR 4-87768.jpg (1.15 MB)
  [+] Copied file: HARBOUR 4-87769.jpg (1.76 MB)
  [+] Copied file: HARBOUR 4-87771.jpg (0.31 MB)
  [+] Copied file: HARBOUR 4-87772.jpg (0.45 MB)
  [+] Copied file: HARBOUR 4-87773.jpg (0.93 MB)
  [+] Copied file: HARBOUR 4-87777.jpg (1.26 MB)
  [+] Copied file: HARBOUR 4-87779.jpg (0.32 MB)
  [+] Copied file: HARBOUR 4-87780.jpg (0.51 MB)
  [+] Copied file: HARBOUR 4-87785.jpg (0.34 MB)
  [+] Copied file: HARBOUR 4-87789.jpg (0.55 MB)
  [+] Copied file: HARBOUR 4-87792.jpg (0.35 MB)
  [+] Copied file: HARBOUR 4-87797.jpg (0.52 MB)
  [+] Copied file: HARBOUR 4-87798.jpg (1.33 MB)
  [+] Copied file: HARBOUR 4-87799.jpg (1.80 MB)
  [+] Copied file: HARBOUR 4-88307.jpg (0.45 MB)
  [+] Copied file: HARBOUR 4-88308.jpg (1.06 MB)
  [+] Copied file: HARBOUR 4-88311.jpg (0.41 MB)
  [+] Copied file: HARBOUR 4-88312.jpg (0.47 MB)
  [+] Copied file: HARBOUR 4-88313.jpg (0.97 MB)
  [+] Copied file: HARBOUR 4-88314.jpg (1.62 MB)
  [+] Copied file: HARBOUR 4-88316.jpg (1.00 MB)
  [+] Created folder: HARBOUR 2025-6
[FAIL] Non-retriable error on attempt 1: 'charmap' codec can't encode characters in position 22-23: character maps to <undefined>
Processed 1 item(s).
