
[DEBUG] Processing site: Harbour PD Work Flow
[DEBUG] Source site ID: harbouroutdoorasialimited.sharepoint.com,7837dbde-8906-450a-a5a5-4edd4f500c69,c9539bff-caa4-4ef7-8c9c-b47643762e06
[DEBUG] Target site ID: paizesoffice.sharepoint.com,12557827-a2f0-4c1e-b6b7-ab01d2f8ab0f,2ddea4b1-624c-4c3b-aab7-66af0c42ea48
[DEBUG] Discovering libraries in source site...
[DEBUG] Found 2 libraries in source site
[DEBUG] Discovering libraries in target site...
[DEBUG] Found 1 libraries in target site
[DEBUG] Copying library: Documents
    >> HARBOUR 12-250610.psd: 25% (15.6 MB / 60.7 MB)
    >> HARBOUR 12-250610.psd: 51% (31.2 MB / 60.7 MB)
    >> HARBOUR 12-250610.psd: 77% (46.9 MB / 60.7 MB)
    >> HARBOUR 12-250610.psd: 100% (60.7 MB / 60.7 MB)
  [+] Copied file: HARBOUR 12-250610.psd (60.69 MB)
    >> HARBOUR 12-250612.psd: 68% (15.6 MB / 22.9 MB)
  [+] Copied file: HARBOUR 12-250612.psd (22.92 MB)
    >> HARBOUR 12-250614.psd: 97% (15.6 MB / 16.0 MB)
  [+] Copied file: HARBOUR 12-250614.psd (16.02 MB)
    >> HARBOUR 12-250619.psd: 90% (15.6 MB / 17.2 MB)
  [+] Copied file: HARBOUR 12-250619.psd (17.19 MB)
    >> HARBOUR 12-250620.psd: 68% (15.6 MB / 22.9 MB)
  [+] Copied file: HARBOUR 12-250620.psd (22.88 MB)
    >> HARBOUR 12-250622.psd: 27% (15.6 MB / 56.8 MB)
    >> HARBOUR 12-250622.psd: 54% (31.2 MB / 56.8 MB)
    >> HARBOUR 12-250622.psd: 82% (46.9 MB / 56.8 MB)
  [+] Copied file: HARBOUR 12-250622.psd (56.82 MB)
    >> HARBOUR 12-250623.psd: 28% (15.6 MB / 54.0 MB)
    >> HARBOUR 12-250623.psd: 57% (31.2 MB / 54.0 MB)
    >> HARBOUR 12-250623.psd: 86% (46.9 MB / 54.0 MB)
  [+] Copied file: HARBOUR 12-250623.psd (53.96 MB)
    >> HARBOUR 12-250624.psd: 29% (15.6 MB / 53.6 MB)
    >> HARBOUR 12-250624.psd: 58% (31.2 MB / 53.6 MB)
    >> HARBOUR 12-250624.psd: 87% (46.9 MB / 53.6 MB)
  [+] Copied file: HARBOUR 12-250624.psd (53.60 MB)
    >> HARBOUR 12-250625.psd: 29% (15.6 MB / 52.9 MB)
    >> HARBOUR 12-250625.psd: 59% (31.2 MB / 52.9 MB)
    >> HARBOUR 12-250625.psd: 88% (46.9 MB / 52.9 MB)
  [+] Copied file: HARBOUR 12-250625.psd (52.88 MB)
    >> HARBOUR 12-250627.psd: 80% (15.6 MB / 19.4 MB)
  [+] Copied file: HARBOUR 12-250627.psd (19.43 MB)
    >> HARBOUR 12-250628.psd: 26% (15.6 MB / 59.5 MB)
    >> HARBOUR 12-250628.psd: 52% (31.2 MB / 59.5 MB)
    >> HARBOUR 12-250628.psd: 78% (46.9 MB / 59.5 MB)
    >> HARBOUR 12-250628.psd: 100% (59.5 MB / 59.5 MB)
  [+] Copied file: HARBOUR 12-250628.psd (59.54 MB)
    >> HARBOUR 12-250630.psd: 79% (15.6 MB / 19.7 MB)
  [+] Copied file: HARBOUR 12-250630.psd (19.70 MB)
    >> HARBOUR 12-250631.psd: 32% (15.6 MB / 48.4 MB)
    >> HARBOUR 12-250631.psd: 64% (31.2 MB / 48.4 MB)
    >> HARBOUR 12-250631.psd: 96% (46.9 MB / 48.4 MB)
  [+] Copied file: HARBOUR 12-250631.psd (48.42 MB)
    >> HARBOUR 12-250634.psd: 91% (15.6 MB / 17.1 MB)
  [+] Copied file: HARBOUR 12-250634.psd (17.14 MB)
    >> HARBOUR 12-250640.psd: 67% (15.6 MB / 23.1 MB)
  [+] Copied file: HARBOUR 12-250640.psd (23.07 MB)
    >> HARBOUR 12-250641.psd: 37% (15.6 MB / 41.7 MB)
    >> HARBOUR 12-250641.psd: 74% (31.2 MB / 41.7 MB)
  [+] Copied file: HARBOUR 12-250641.psd (41.73 MB)
    >> HARBOUR 12-250642.psd: 28% (15.6 MB / 53.9 MB)
    >> HARBOUR 12-250642.psd: 57% (31.2 MB / 53.9 MB)
    >> HARBOUR 12-250642.psd: 86% (46.9 MB / 53.9 MB)
  [+] Copied file: HARBOUR 12-250642.psd (53.88 MB)
    >> HARBOUR 12-250643.psd: 32% (15.6 MB / 47.8 MB)
    >> HARBOUR 12-250643.psd: 65% (31.2 MB / 47.8 MB)
    >> HARBOUR 12-250643.psd: 98% (46.9 MB / 47.8 MB)
  [+] Copied file: HARBOUR 12-250643.psd (47.75 MB)
    >> HARBOUR 12-250645.psd: 93% (15.6 MB / 16.7 MB)
  [+] Copied file: HARBOUR 12-250645.psd (16.69 MB)
    >> HARBOUR 12-250646.psd: 100% (14.4 MB / 14.4 MB)
  [+] Copied file: HARBOUR 12-250646.psd (14.44 MB)
    >> HARBOUR 12-250648.psd: 100% (15.6 MB / 15.6 MB)
  [+] Copied file: HARBOUR 12-250648.psd (15.55 MB)
    >> HARBOUR 12-250649.psd: 78% (15.6 MB / 20.0 MB)
  [+] Copied file: HARBOUR 12-250649.psd (19.95 MB)
    >> HARBOUR 12-250650.psd: 37% (15.6 MB / 41.5 MB)
    >> HARBOUR 12-250650.psd: 75% (31.2 MB / 41.5 MB)
  [+] Copied file: HARBOUR 12-250650.psd (41.51 MB)
    >> HARBOUR 12-250651.psd: 44% (15.6 MB / 35.4 MB)
    >> HARBOUR 12-250651.psd: 88% (31.2 MB / 35.4 MB)
  [+] Copied file: HARBOUR 12-250651.psd (35.43 MB)
    >> HARBOUR 12-250652.psd: 24% (15.6 MB / 62.8 MB)
    >> HARBOUR 12-250652.psd: 49% (31.2 MB / 62.8 MB)
    >> HARBOUR 12-250652.psd: 74% (46.9 MB / 62.8 MB)
    >> HARBOUR 12-250652.psd: 99% (62.5 MB / 62.8 MB)
  [+] Copied file: HARBOUR 12-250652.psd (62.80 MB)
    >> HARBOUR 12-250654.psd: 100% (15.1 MB / 15.1 MB)
  [+] Copied file: HARBOUR 12-250654.psd (15.06 MB)
    >> HARBOUR 12-250655.psd: 96% (15.6 MB / 16.2 MB)
  [+] Copied file: HARBOUR 12-250655.psd (16.22 MB)
    >> HARBOUR 12-250656.psd: 100% (15.6 MB / 15.6 MB)
  [+] Copied file: HARBOUR 12-250656.psd (15.61 MB)
    >> HARBOUR 12-250657.psd: 35% (15.6 MB / 43.9 MB)
    >> HARBOUR 12-250657.psd: 71% (31.2 MB / 43.9 MB)
    >> HARBOUR 12-250657.psd: 100% (43.9 MB / 43.9 MB)
  [+] Copied file: HARBOUR 12-250657.psd (43.95 MB)
    >> HARBOUR 12-250659.psd: 100% (14.4 MB / 14.4 MB)
  [+] Copied file: HARBOUR 12-250659.psd (14.44 MB)
    >> HARBOUR 12-250661.psd: 94% (15.6 MB / 16.4 MB)
  [+] Copied file: HARBOUR 12-250661.psd (16.45 MB)
    >> HARBOUR 12-250662.psd: 77% (15.6 MB / 20.2 MB)
  [+] Copied file: HARBOUR 12-250662.psd (20.21 MB)
    >> HARBOUR 12-250663.psd: 36% (15.6 MB / 42.7 MB)
    >> HARBOUR 12-250663.psd: 73% (31.2 MB / 42.7 MB)
  [+] Copied file: HARBOUR 12-250663.psd (42.71 MB)
    >> HARBOUR 12-250664.psd: 27% (15.6 MB / 56.9 MB)
    >> HARBOUR 12-250664.psd: 54% (31.2 MB / 56.9 MB)
    >> HARBOUR 12-250664.psd: 82% (46.9 MB / 56.9 MB)
  [+] Copied file: HARBOUR 12-250664.psd (56.95 MB)
    >> HARBOUR 12-250665.psd: 45% (15.6 MB / 34.7 MB)
    >> HARBOUR 12-250665.psd: 90% (31.2 MB / 34.7 MB)
  [+] Copied file: HARBOUR 12-250665.psd (34.66 MB)
    >> HARBOUR 12-250667.psd: 97% (15.6 MB / 16.0 MB)
  [+] Copied file: HARBOUR 12-250667.psd (16.00 MB)
    >> HARBOUR 12-250669.psd: 100% (14.4 MB / 14.4 MB)
  [+] Copied file: HARBOUR 12-250669.psd (14.39 MB)
    >> HARBOUR 12-250671.psd: 100% (14.6 MB / 14.6 MB)
  [+] Copied file: HARBOUR 12-250671.psd (14.57 MB)
    >> HARBOUR 12-250672.psd: 89% (15.6 MB / 17.5 MB)
  [+] Copied file: HARBOUR 12-250672.psd (17.54 MB)
    >> HARBOUR 12-250673.psd: 40% (15.6 MB / 38.6 MB)
    >> HARBOUR 12-250673.psd: 80% (31.2 MB / 38.6 MB)
  [+] Copied file: HARBOUR 12-250673.psd (38.59 MB)
    >> HARBOUR 12-250674.psd: 30% (15.6 MB / 51.6 MB)
    >> HARBOUR 12-250674.psd: 60% (31.2 MB / 51.6 MB)
    >> HARBOUR 12-250674.psd: 90% (46.9 MB / 51.6 MB)
  [+] Copied file: HARBOUR 12-250674.psd (51.58 MB)
    >> HARBOUR 12-250675.psd: 38% (15.6 MB / 40.9 MB)
    >> HARBOUR 12-250675.psd: 76% (31.2 MB / 40.9 MB)
  [+] Copied file: HARBOUR 12-250675.psd (40.89 MB)
    >> HARBOUR 12-250676.psd: 100% (14.8 MB / 14.8 MB)
  [+] Copied file: HARBOUR 12-250676.psd (14.80 MB)
    >> HARBOUR 12-250677.psd: 100% (15.2 MB / 15.2 MB)
  [+] Copied file: HARBOUR 12-250677.psd (15.19 MB)
    >> HARBOUR 12-250678.psd: 92% (15.6 MB / 16.9 MB)
  [+] Copied file: HARBOUR 12-250678.psd (16.87 MB)
    >> HARBOUR 12-250679.psd: 34% (15.6 MB / 45.7 MB)
    >> HARBOUR 12-250679.psd: 68% (31.2 MB / 45.7 MB)
    >> HARBOUR 12-250679.psd: 100% (45.7 MB / 45.7 MB)
  [+] Copied file: HARBOUR 12-250679.psd (45.72 MB)
    >> HARBOUR 12-250681.psd: 90% (15.6 MB / 17.3 MB)
  [+] Copied file: HARBOUR 12-250681.psd (17.34 MB)
    >> HARBOUR 12-250682.psd: 93% (15.6 MB / 16.8 MB)
  [+] Copied file: HARBOUR 12-250682.psd (16.79 MB)
    >> HARBOUR 12-250683.psd: 96% (15.6 MB / 16.1 MB)
  [+] Copied file: HARBOUR 12-250683.psd (16.11 MB)
    >> HARBOUR 12-250684.psd: 70% (15.6 MB / 22.2 MB)
  [+] Copied file: HARBOUR 12-250684.psd (22.21 MB)
    >> HARBOUR 12-250687.psd: 26% (15.6 MB / 58.8 MB)
    >> HARBOUR 12-250687.psd: 53% (31.2 MB / 58.8 MB)
    >> HARBOUR 12-250687.psd: 79% (46.9 MB / 58.8 MB)
  [+] Copied file: HARBOUR 12-250687.psd (58.77 MB)
    >> HARBOUR 12-250688.psd: 37% (15.6 MB / 41.7 MB)
    >> HARBOUR 12-250688.psd: 75% (31.2 MB / 41.7 MB)
  [+] Copied file: HARBOUR 12-250688.psd (41.66 MB)
    >> HARBOUR 12-250689.psd: 77% (15.6 MB / 20.3 MB)
  [+] Copied file: HARBOUR 12-250689.psd (20.25 MB)
    >> HARBOUR 12-250704.psd: 71% (15.6 MB / 22.0 MB)
  [+] Copied file: HARBOUR 12-250704.psd (21.95 MB)
    >> HARBOUR 12-250706.psd: 55% (15.6 MB / 28.4 MB)
    >> HARBOUR 12-250706.psd: 100% (28.4 MB / 28.4 MB)
  [+] Copied file: HARBOUR 12-250706.psd (28.35 MB)
    >> HARBOUR 12-250707.psd: 25% (15.6 MB / 61.7 MB)
    >> HARBOUR 12-250707.psd: 50% (31.2 MB / 61.7 MB)
    >> HARBOUR 12-250707.psd: 75% (46.9 MB / 61.7 MB)
    >> HARBOUR 12-250707.psd: 100% (61.7 MB / 61.7 MB)
  [+] Copied file: HARBOUR 12-250707.psd (61.72 MB)
    >> HARBOUR 12-250708.psd: 44% (15.6 MB / 35.4 MB)
    >> HARBOUR 12-250708.psd: 88% (31.2 MB / 35.4 MB)
  [+] Copied file: HARBOUR 12-250708.psd (35.43 MB)
    >> HARBOUR 12-250709.psd: 31% (15.6 MB / 49.1 MB)
    >> HARBOUR 12-250709.psd: 63% (31.2 MB / 49.1 MB)
    >> HARBOUR 12-250709.psd: 95% (46.9 MB / 49.1 MB)
  [+] Copied file: HARBOUR 12-250709.psd (49.12 MB)
    >> HARBOUR 12-250711.psd: 70% (15.6 MB / 22.3 MB)
  [+] Copied file: HARBOUR 12-250711.psd (22.30 MB)
    >> HARBOUR 12-250712.psd: 44% (15.6 MB / 35.2 MB)
    >> HARBOUR 12-250712.psd: 88% (31.2 MB / 35.2 MB)
  [+] Copied file: HARBOUR 12-250712.psd (35.21 MB)
    >> HARBOUR 12-250714.psd: 24% (15.6 MB / 64.3 MB)
    >> HARBOUR 12-250714.psd: 48% (31.2 MB / 64.3 MB)
    >> HARBOUR 12-250714.psd: 72% (46.9 MB / 64.3 MB)
    >> HARBOUR 12-250714.psd: 97% (62.5 MB / 64.3 MB)
  [+] Copied file: HARBOUR 12-250714.psd (64.31 MB)
    >> HARBOUR 12-250716.psd: 24% (15.6 MB / 63.5 MB)
    >> HARBOUR 12-250716.psd: 49% (31.2 MB / 63.5 MB)
    >> HARBOUR 12-250716.psd: 73% (46.9 MB / 63.5 MB)
    >> HARBOUR 12-250716.psd: 98% (62.5 MB / 63.5 MB)
  [+] Copied file: HARBOUR 12-250716.psd (63.55 MB)
    >> HARBOUR 12-250717.psd: 71% (15.6 MB / 21.9 MB)
  [+] Copied file: HARBOUR 12-250717.psd (21.86 MB)
    >> HARBOUR 12-250720.psd: 81% (15.6 MB / 19.1 MB)
  [+] Copied file: HARBOUR 12-250720.psd (19.07 MB)
    >> HARBOUR 12-250722.psd: 54% (15.6 MB / 28.6 MB)
    >> HARBOUR 12-250722.psd: 100% (28.6 MB / 28.6 MB)
  [+] Copied file: HARBOUR 12-250722.psd (28.62 MB)
    >> HARBOUR 12-250723.psd: 22% (15.6 MB / 70.0 MB)
    >> HARBOUR 12-250723.psd: 44% (31.2 MB / 70.0 MB)
    >> HARBOUR 12-250723.psd: 66% (46.9 MB / 70.0 MB)
    >> HARBOUR 12-250723.psd: 89% (62.5 MB / 70.0 MB)
  [+] Copied file: HARBOUR 12-250723.psd (70.01 MB)
    >> HARBOUR 12-250725.psd: 100% (15.2 MB / 15.2 MB)
  [+] Copied file: HARBOUR 12-250725.psd (15.22 MB)
    >> HARBOUR 12-250730.psd: 46% (15.6 MB / 33.6 MB)
    >> HARBOUR 12-250730.psd: 93% (31.2 MB / 33.6 MB)
  [+] Copied file: HARBOUR 12-250730.psd (33.58 MB)
    >> HARBOUR 12-250731.psd: 60% (15.6 MB / 26.0 MB)
  [+] Copied file: HARBOUR 12-250731.psd (26.04 MB)
    >> HARBOUR 12-250732.psd: 72% (15.6 MB / 21.5 MB)
  [+] Copied file: HARBOUR 12-250732.psd (21.47 MB)
  [+] Created folder: HARBOUR 2025-2
  [+] Created folder: 150psd
    >> HARBOUR 9-616719.psd: 47% (15.6 MB / 32.7 MB)
    >> HARBOUR 9-616719.psd: 95% (31.2 MB / 32.7 MB)
  [+] Copied file: HARBOUR 9-616719.psd (32.73 MB)
    >> HARBOUR 9-616721.psd: 17% (15.6 MB / 89.0 MB)
    >> HARBOUR 9-616721.psd: 35% (31.2 MB / 89.0 MB)
    >> HARBOUR 9-616721.psd: 52% (46.9 MB / 89.0 MB)
    >> HARBOUR 9-616721.psd: 70% (62.5 MB / 89.0 MB)
    >> HARBOUR 9-616721.psd: 87% (78.1 MB / 89.0 MB)
  [+] Copied file: HARBOUR 9-616721.psd (89.04 MB)
    >> HARBOUR 9-616723.psd: 28% (15.6 MB / 54.6 MB)
    >> HARBOUR 9-616723.psd: 57% (31.2 MB / 54.6 MB)
    >> HARBOUR 9-616723.psd: 85% (46.9 MB / 54.6 MB)
  [+] Copied file: HARBOUR 9-616723.psd (54.62 MB)
    >> HARBOUR 9-616726.psd: 77% (15.6 MB / 20.2 MB)
  [+] Copied file: HARBOUR 9-616726.psd (20.16 MB)
    >> HARBOUR 9-616729.psd: 52% (15.6 MB / 29.8 MB)
    >> HARBOUR 9-616729.psd: 100% (29.8 MB / 29.8 MB)
  [+] Copied file: HARBOUR 9-616729.psd (29.81 MB)
    >> HARBOUR 9-616730.psd: 21% (15.6 MB / 72.6 MB)
    >> HARBOUR 9-616730.psd: 43% (31.2 MB / 72.6 MB)
    >> HARBOUR 9-616730.psd: 64% (46.9 MB / 72.6 MB)
    >> HARBOUR 9-616730.psd: 86% (62.5 MB / 72.6 MB)
  [+] Copied file: HARBOUR 9-616730.psd (72.58 MB)
    >> HARBOUR 9-616732.psd: 27% (15.6 MB / 55.8 MB)
    >> HARBOUR 9-616732.psd: 55% (31.2 MB / 55.8 MB)
    >> HARBOUR 9-616732.psd: 83% (46.9 MB / 55.8 MB)
  [+] Copied file: HARBOUR 9-616732.psd (55.83 MB)
    >> HARBOUR 9-616733.psd: 80% (15.6 MB / 19.5 MB)
  [+] Copied file: HARBOUR 9-616733.psd (19.49 MB)
    >> HARBOUR 9-616737.psd: 47% (15.6 MB / 33.1 MB)
    >> HARBOUR 9-616737.psd: 94% (31.2 MB / 33.1 MB)
  [+] Copied file: HARBOUR 9-616737.psd (33.06 MB)
    >> HARBOUR 9-616738.psd: 77% (15.6 MB / 20.1 MB)
  [+] Copied file: HARBOUR 9-616738.psd (20.05 MB)
    >> HARBOUR 9-616741.psd: 46% (15.6 MB / 33.6 MB)
    >> HARBOUR 9-616741.psd: 93% (31.2 MB / 33.6 MB)
  [+] Copied file: HARBOUR 9-616741.psd (33.58 MB)
    >> HARBOUR 9-616742.psd: 21% (15.6 MB / 73.6 MB)
    >> HARBOUR 9-616742.psd: 42% (31.2 MB / 73.6 MB)
    >> HARBOUR 9-616742.psd: 63% (46.9 MB / 73.6 MB)
    >> HARBOUR 9-616742.psd: 84% (62.5 MB / 73.6 MB)
  [+] Copied file: HARBOUR 9-616742.psd (73.55 MB)
    >> HARBOUR 9-616743.psd: 16% (15.6 MB / 94.9 MB)
    >> HARBOUR 9-616743.psd: 32% (31.2 MB / 94.9 MB)
    >> HARBOUR 9-616743.psd: 49% (46.9 MB / 94.9 MB)
    >> HARBOUR 9-616743.psd: 65% (62.5 MB / 94.9 MB)
    >> HARBOUR 9-616743.psd: 82% (78.1 MB / 94.9 MB)
    >> HARBOUR 9-616743.psd: 98% (93.8 MB / 94.9 MB)
  [+] Copied file: HARBOUR 9-616743.psd (94.93 MB)
    >> HARBOUR 9-616745.psd: 64% (15.6 MB / 24.2 MB)
  [+] Copied file: HARBOUR 9-616745.psd (24.23 MB)
    >> HARBOUR 9-616746.psd: 51% (15.6 MB / 30.5 MB)
    >> HARBOUR 9-616746.psd: 100% (30.5 MB / 30.5 MB)
  [+] Copied file: HARBOUR 9-616746.psd (30.55 MB)
    >> HARBOUR 9-616749.psd: 70% (15.6 MB / 22.0 MB)
  [+] Copied file: HARBOUR 9-616749.psd (22.01 MB)
    >> HARBOUR 9-616750.psd: 52% (15.6 MB / 29.6 MB)
    >> HARBOUR 9-616750.psd: 100% (29.6 MB / 29.6 MB)
  [+] Copied file: HARBOUR 9-616750.psd (29.60 MB)
    >> HARBOUR 9-616752.psd: 37% (15.6 MB / 41.3 MB)
    >> HARBOUR 9-616752.psd: 75% (31.2 MB / 41.3 MB)
  [+] Copied file: HARBOUR 9-616752.psd (41.30 MB)
    >> HARBOUR 9-616755.psd: 49% (15.6 MB / 31.3 MB)
    >> HARBOUR 9-616755.psd: 99% (31.2 MB / 31.3 MB)
  [+] Copied file: HARBOUR 9-616755.psd (31.31 MB)
    >> HARBOUR 9-616757.psd: 68% (15.6 MB / 22.8 MB)
  [+] Copied file: HARBOUR 9-616757.psd (22.82 MB)
    >> HARBOUR 9-616758.psd: 63% (15.6 MB / 24.5 MB)
  [+] Copied file: HARBOUR 9-616758.psd (24.54 MB)
    >> HARBOUR 9-616759.psd: 42% (15.6 MB / 36.8 MB)
    >> HARBOUR 9-616759.psd: 84% (31.2 MB / 36.8 MB)
  [+] Copied file: HARBOUR 9-616759.psd (36.85 MB)
    >> HARBOUR 9-616760.psd: 24% (15.6 MB / 62.7 MB)
    >> HARBOUR 9-616760.psd: 49% (31.2 MB / 62.7 MB)
    >> HARBOUR 9-616760.psd: 74% (46.9 MB / 62.7 MB)
    >> HARBOUR 9-616760.psd: 99% (62.5 MB / 62.7 MB)
  [+] Copied file: HARBOUR 9-616760.psd (62.66 MB)
    >> HARBOUR 9-616761.psd: 28% (15.6 MB / 53.9 MB)
    >> HARBOUR 9-616761.psd: 57% (31.2 MB / 53.9 MB)
    >> HARBOUR 9-616761.psd: 86% (46.9 MB / 53.9 MB)
  [+] Copied file: HARBOUR 9-616761.psd (53.92 MB)
    >> HARBOUR 9-616762.psd: 26% (15.6 MB / 59.7 MB)
    >> HARBOUR 9-616762.psd: 52% (31.2 MB / 59.7 MB)
    >> HARBOUR 9-616762.psd: 78% (46.9 MB / 59.7 MB)
    >> HARBOUR 9-616762.psd: 100% (59.7 MB / 59.7 MB)
  [+] Copied file: HARBOUR 9-616762.psd (59.75 MB)
    >> HARBOUR 9-616763.psd: 19% (15.6 MB / 78.9 MB)
    >> HARBOUR 9-616763.psd: 39% (31.2 MB / 78.9 MB)
    >> HARBOUR 9-616763.psd: 59% (46.9 MB / 78.9 MB)
    >> HARBOUR 9-616763.psd: 79% (62.5 MB / 78.9 MB)
    >> HARBOUR 9-616763.psd: 99% (78.1 MB / 78.9 MB)
  [+] Copied file: HARBOUR 9-616763.psd (78.85 MB)
    >> HARBOUR 9-616764.psd: 59% (15.6 MB / 26.3 MB)
  [+] Copied file: HARBOUR 9-616764.psd (26.29 MB)
    >> HARBOUR 9-616766.psd: 64% (15.6 MB / 24.3 MB)
  [+] Copied file: HARBOUR 9-616766.psd (24.27 MB)
    >> HARBOUR 9-616768.psd: 27% (15.6 MB / 57.1 MB)
    >> HARBOUR 9-616768.psd: 54% (31.2 MB / 57.1 MB)
    >> HARBOUR 9-616768.psd: 82% (46.9 MB / 57.1 MB)
  [+] Copied file: HARBOUR 9-616768.psd (57.12 MB)
    >> HARBOUR 9-616771.psd: 59% (15.6 MB / 26.2 MB)
  [+] Copied file: HARBOUR 9-616771.psd (26.16 MB)
    >> HARBOUR 9-616772.psd: 45% (15.6 MB / 34.6 MB)
    >> HARBOUR 9-616772.psd: 90% (31.2 MB / 34.6 MB)
  [+] Copied file: HARBOUR 9-616772.psd (34.58 MB)
    >> HARBOUR 9-616773.psd: 31% (15.6 MB / 50.1 MB)
    >> HARBOUR 9-616773.psd: 62% (31.2 MB / 50.1 MB)
    >> HARBOUR 9-616773.psd: 93% (46.9 MB / 50.1 MB)
  [+] Copied file: HARBOUR 9-616773.psd (50.09 MB)
    >> HARBOUR 9-616774.psd: 26% (15.6 MB / 58.2 MB)
    >> HARBOUR 9-616774.psd: 53% (31.2 MB / 58.2 MB)
    >> HARBOUR 9-616774.psd: 80% (46.9 MB / 58.2 MB)
  [+] Copied file: HARBOUR 9-616774.psd (58.19 MB)
    >> HARBOUR 9-616775.psd: 16% (15.6 MB / 94.0 MB)
    >> HARBOUR 9-616775.psd: 33% (31.2 MB / 94.0 MB)
    >> HARBOUR 9-616775.psd: 49% (46.9 MB / 94.0 MB)
    >> HARBOUR 9-616775.psd: 66% (62.5 MB / 94.0 MB)
    >> HARBOUR 9-616775.psd: 83% (78.1 MB / 94.0 MB)
    >> HARBOUR 9-616775.psd: 99% (93.8 MB / 94.0 MB)
  [+] Copied file: HARBOUR 9-616775.psd (94.01 MB)
    >> HARBOUR 9-616778.psd: 80% (15.6 MB / 19.4 MB)
  [+] Copied file: HARBOUR 9-616778.psd (19.40 MB)
    >> HARBOUR 9-616783.psd: 74% (15.6 MB / 20.9 MB)
  [+] Copied file: HARBOUR 9-616783.psd (20.87 MB)
    >> HARBOUR 9-616785.psd: 69% (15.6 MB / 22.4 MB)
  [+] Copied file: HARBOUR 9-616785.psd (22.41 MB)
    >> HARBOUR 9-616787.psd: 59% (15.6 MB / 26.1 MB)
  [+] Copied file: HARBOUR 9-616787.psd (26.14 MB)
    >> HARBOUR 9-616788.psd: 41% (15.6 MB / 37.6 MB)
    >> HARBOUR 9-616788.psd: 83% (31.2 MB / 37.6 MB)
  [+] Copied file: HARBOUR 9-616788.psd (37.64 MB)
    >> HARBOUR 9-616789.psd: 28% (15.6 MB / 54.8 MB)
    >> HARBOUR 9-616789.psd: 57% (31.2 MB / 54.8 MB)
    >> HARBOUR 9-616789.psd: 85% (46.9 MB / 54.8 MB)
  [+] Copied file: HARBOUR 9-616789.psd (54.75 MB)
    >> HARBOUR 9-616790.psd: 25% (15.6 MB / 60.3 MB)
    >> HARBOUR 9-616790.psd: 51% (31.2 MB / 60.3 MB)
    >> HARBOUR 9-616790.psd: 77% (46.9 MB / 60.3 MB)
    >> HARBOUR 9-616790.psd: 100% (60.3 MB / 60.3 MB)
  [+] Copied file: HARBOUR 9-616790.psd (60.31 MB)
    >> HARBOUR 9-616791.psd: 63% (15.6 MB / 24.4 MB)
  [+] Copied file: HARBOUR 9-616791.psd (24.44 MB)
    >> HARBOUR 9-616794.psd: 61% (15.6 MB / 25.5 MB)
  [+] Copied file: HARBOUR 9-616794.psd (25.45 MB)
    >> HARBOUR 9-616821.psd: 83% (15.6 MB / 18.7 MB)
  [+] Copied file: HARBOUR 9-616821.psd (18.66 MB)
    >> HARBOUR 9-616824.psd: 99% (15.6 MB / 15.7 MB)
  [+] Copied file: HARBOUR 9-616824.psd (15.68 MB)
    >> HARBOUR 9-616825.psd: 100% (14.9 MB / 14.9 MB)
  [+] Copied file: HARBOUR 9-616825.psd (14.89 MB)
    >> HARBOUR 9-616827.psd: 87% (15.6 MB / 17.9 MB)
  [+] Copied file: HARBOUR 9-616827.psd (17.90 MB)
    >> HARBOUR 9-616829.psd: 68% (15.6 MB / 22.8 MB)
  [+] Copied file: HARBOUR 9-616829.psd (22.77 MB)
    >> HARBOUR 9-616830.psd: 47% (15.6 MB / 32.8 MB)
    >> HARBOUR 9-616830.psd: 95% (31.2 MB / 32.8 MB)
  [+] Copied file: HARBOUR 9-616830.psd (32.82 MB)
    >> HARBOUR 9-616831.psd: 25% (15.6 MB / 60.2 MB)
    >> HARBOUR 9-616831.psd: 51% (31.2 MB / 60.2 MB)
    >> HARBOUR 9-616831.psd: 77% (46.9 MB / 60.2 MB)
    >> HARBOUR 9-616831.psd: 100% (60.2 MB / 60.2 MB)
  [+] Copied file: HARBOUR 9-616831.psd (60.24 MB)
    >> HARBOUR 9-616832.psd: 31% (15.6 MB / 50.4 MB)
    >> HARBOUR 9-616832.psd: 62% (31.2 MB / 50.4 MB)
    >> HARBOUR 9-616832.psd: 93% (46.9 MB / 50.4 MB)
  [+] Copied file: HARBOUR 9-616832.psd (50.38 MB)
    >> HARBOUR 9-616833.psd: 67% (15.6 MB / 23.2 MB)
  [+] Copied file: HARBOUR 9-616833.psd (23.25 MB)
    >> HARBOUR 9-616835.psd: 25% (15.6 MB / 62.1 MB)
    >> HARBOUR 9-616835.psd: 50% (31.2 MB / 62.1 MB)
    >> HARBOUR 9-616835.psd: 75% (46.9 MB / 62.1 MB)
    >> HARBOUR 9-616835.psd: 100% (62.1 MB / 62.1 MB)
  [+] Copied file: HARBOUR 9-616835.psd (62.08 MB)
    >> HARBOUR 9-616837.psd: 65% (15.6 MB / 24.0 MB)
  [+] Copied file: HARBOUR 9-616837.psd (24.02 MB)
    >> HARBOUR 9-616839.psd: 71% (15.6 MB / 21.8 MB)
  [+] Copied file: HARBOUR 9-616839.psd (21.78 MB)
    >> HARBOUR 9-616840.psd: 39% (15.6 MB / 39.4 MB)
    >> HARBOUR 9-616840.psd: 79% (31.2 MB / 39.4 MB)
  [+] Copied file: HARBOUR 9-616840.psd (39.38 MB)
    >> HARBOUR 9-616841.psd: 63% (15.6 MB / 24.7 MB)
  [+] Copied file: HARBOUR 9-616841.psd (24.71 MB)
    >> HARBOUR 9-616842.psd: 46% (15.6 MB / 33.4 MB)
    >> HARBOUR 9-616842.psd: 93% (31.2 MB / 33.4 MB)
  [+] Copied file: HARBOUR 9-616842.psd (33.44 MB)
    >> HARBOUR 9-616843.psd: 27% (15.6 MB / 57.2 MB)
    >> HARBOUR 9-616843.psd: 54% (31.2 MB / 57.2 MB)
    >> HARBOUR 9-616843.psd: 82% (46.9 MB / 57.2 MB)
  [+] Copied file: HARBOUR 9-616843.psd (57.16 MB)
    >> HARBOUR 9-616844.psd: 27% (15.6 MB / 57.2 MB)
    >> HARBOUR 9-616844.psd: 54% (31.2 MB / 57.2 MB)
    >> HARBOUR 9-616844.psd: 81% (46.9 MB / 57.2 MB)
  [+] Copied file: HARBOUR 9-616844.psd (57.23 MB)
    >> HARBOUR 9-616845.psd: 23% (15.6 MB / 67.6 MB)
    >> HARBOUR 9-616845.psd: 46% (31.2 MB / 67.6 MB)
    >> HARBOUR 9-616845.psd: 69% (46.9 MB / 67.6 MB)
    >> HARBOUR 9-616845.psd: 92% (62.5 MB / 67.6 MB)
  [+] Copied file: HARBOUR 9-616845.psd (67.58 MB)
    >> HARBOUR 9-616847.psd: 29% (15.6 MB / 53.5 MB)
    >> HARBOUR 9-616847.psd: 58% (31.2 MB / 53.5 MB)
    >> HARBOUR 9-616847.psd: 87% (46.9 MB / 53.5 MB)
  [+] Copied file: HARBOUR 9-616847.psd (53.45 MB)
    >> HARBOUR 9-616851.psd: 62% (15.6 MB / 25.1 MB)
  [+] Copied file: HARBOUR 9-616851.psd (25.11 MB)
  [+] Created folder: 72jpg
  [+] Copied file: HARBOUR 9-616719.jpg (0.65 MB)
  [+] Copied file: HARBOUR 9-616721.jpg (1.60 MB)
  [+] Copied file: HARBOUR 9-616723.jpg (0.96 MB)
  [+] Copied file: HARBOUR 9-616726.jpg (0.35 MB)
  [+] Copied file: HARBOUR 9-616729.jpg (0.50 MB)
  [+] Copied file: HARBOUR 9-616730.jpg (1.02 MB)
  [+] Copied file: HARBOUR 9-616732.jpg (1.13 MB)
  [+] Copied file: HARBOUR 9-616733.jpg (0.41 MB)
  [+] Copied file: HARBOUR 9-616737.jpg (0.61 MB)
  [+] Copied file: HARBOUR 9-616738.jpg (0.40 MB)
  [+] Copied file: HARBOUR 9-616741.jpg (0.61 MB)
  [+] Copied file: HARBOUR 9-616742.jpg (0.92 MB)
  [+] Copied file: HARBOUR 9-616743.jpg (1.89 MB)
  [+] Copied file: HARBOUR 9-616745.jpg (0.64 MB)
  [+] Copied file: HARBOUR 9-616746.jpg (0.67 MB)
  [+] Copied file: HARBOUR 9-616749.jpg (0.55 MB)
  [+] Copied file: HARBOUR 9-616750.jpg (0.66 MB)
  [+] Copied file: HARBOUR 9-616752.jpg (0.84 MB)
  [+] Copied file: HARBOUR 9-616755.jpg (0.68 MB)
  [+] Copied file: HARBOUR 9-616757.jpg (0.76 MB)
  [+] Copied file: HARBOUR 9-616758.jpg (0.73 MB)
  [+] Copied file: HARBOUR 9-616759.jpg (0.98 MB)
  [+] Copied file: HARBOUR 9-616760.jpg (1.46 MB)
  [+] Copied file: HARBOUR 9-616761.jpg (1.76 MB)
  [+] Copied file: HARBOUR 9-616762.jpg (2.20 MB)
  [+] Copied file: HARBOUR 9-616763.jpg (1.45 MB)
  [+] Copied file: HARBOUR 9-616764.jpg (0.73 MB)
  [+] Copied file: HARBOUR 9-616766.jpg (0.66 MB)
  [+] Copied file: HARBOUR 9-616768.jpg (1.33 MB)
  [+] Copied file: HARBOUR 9-616771.jpg (0.75 MB)
  [+] Copied file: HARBOUR 9-616772.jpg (0.87 MB)
  [+] Copied file: HARBOUR 9-616773.jpg (1.10 MB)
  [+] Copied file: HARBOUR 9-616774.jpg (2.09 MB)
  [+] Copied file: HARBOUR 9-616775.jpg (1.45 MB)
  [+] Copied file: HARBOUR 9-616778.jpg (0.65 MB)
  [+] Copied file: HARBOUR 9-616783.jpg (0.66 MB)
  [+] Copied file: HARBOUR 9-616785.jpg (0.62 MB)
  [+] Copied file: HARBOUR 9-616787.jpg (0.74 MB)
  [+] Copied file: HARBOUR 9-616788.jpg (0.87 MB)
  [+] Copied file: HARBOUR 9-616789.jpg (1.28 MB)
  [+] Copied file: HARBOUR 9-616790.jpg (1.63 MB)
  [+] Copied file: HARBOUR 9-616791.jpg (1.79 MB)
  [+] Copied file: HARBOUR 9-616794.jpg (0.69 MB)
  [+] Copied file: HARBOUR 9-616821.jpg (0.51 MB)
  [+] Copied file: HARBOUR 9-616824.jpg (0.47 MB)
  [+] Copied file: HARBOUR 9-616825.jpg (0.32 MB)
  [+] Copied file: HARBOUR 9-616827.jpg (0.39 MB)
  [+] Copied file: HARBOUR 9-616829.jpg (0.60 MB)
  [+] Copied file: HARBOUR 9-616830.jpg (0.77 MB)
  [+] Copied file: HARBOUR 9-616831.jpg (1.32 MB)
  [+] Copied file: HARBOUR 9-616832.jpg (1.44 MB)
  [+] Copied file: HARBOUR 9-616833.jpg (0.53 MB)
  [+] Copied file: HARBOUR 9-616835.jpg (1.20 MB)
  [+] Copied file: HARBOUR 9-616837.jpg (0.64 MB)
  [+] Copied file: HARBOUR 9-616839.jpg (0.76 MB)
  [+] Copied file: HARBOUR 9-616840.jpg (1.19 MB)
  [+] Copied file: HARBOUR 9-616841.jpg (0.73 MB)
  [+] Copied file: HARBOUR 9-616842.jpg (0.89 MB)
  [+] Copied file: HARBOUR 9-616843.jpg (1.45 MB)
  [+] Copied file: HARBOUR 9-616844.jpg (2.01 MB)
  [+] Copied file: HARBOUR 9-616845.jpg (1.23 MB)
  [+] Copied file: HARBOUR 9-616847.jpg (2.03 MB)
  [+] Copied file: HARBOUR 9-616851.jpg (0.66 MB)
  [+] Created folder: HARBOUR -2025-4
  [+] Created folder: JPG
  [+] Created folder: HARBOUR 10-30-72jpg
  [+] Copied file: HARBOUR 10-2420090.jpg (4.21 MB)
  [+] Copied file: HARBOUR 10-2420092.jpg (7.33 MB)
  [+] Copied file: HARBOUR 10-2420093.jpg (7.07 MB)
  [+] Copied file: HARBOUR 10-2420094.jpg (9.78 MB)
    >> HARBOUR 10-2420095.jpg: 100% (13.5 MB / 13.5 MB)
  [+] Copied file: HARBOUR 10-2420095.jpg (13.53 MB)
  [+] Copied file: HARBOUR 10-2420100.jpg (4.78 MB)
  [+] Copied file: HARBOUR 10-2420104.jpg (4.88 MB)
  [+] Copied file: HARBOUR 10-2420109.jpg (4.75 MB)
  [+] Copied file: HARBOUR 10-2420112.jpg (4.91 MB)
  [+] Copied file: HARBOUR 10-2420114.jpg (4.74 MB)
  [+] Copied file: HARBOUR 10-2420116.jpg (6.64 MB)
  [+] Copied file: HARBOUR 10-2420117.jpg (7.20 MB)
    >> HARBOUR 10-2420119.jpg: 90% (15.6 MB / 17.2 MB)
  [+] Copied file: HARBOUR 10-2420119.jpg (17.24 MB)
  [+] Copied file: HARBOUR 10-2420124.jpg (3.30 MB)
  [+] Copied file: HARBOUR 10-2420127.jpg (3.48 MB)
  [+] Copied file: HARBOUR 10-2420129.jpg (5.36 MB)
    >> HARBOUR 10-2420130.jpg: 100% (15.0 MB / 15.0 MB)
  [+] Copied file: HARBOUR 10-2420130.jpg (15.02 MB)
  [+] Copied file: HARBOUR 10-2420131.jpg (5.17 MB)
  [+] Copied file: HARBOUR 10-2420134.jpg (4.09 MB)
  [+] Copied file: HARBOUR 10-2420137.jpg (4.00 MB)
  [+] Copied file: HARBOUR 10-2420139.jpg (5.96 MB)
  [+] Copied file: HARBOUR 10-2420140.jpg (7.19 MB)
    >> HARBOUR 10-2420141.jpg: 67% (15.6 MB / 23.0 MB)
  [+] Copied file: HARBOUR 10-2420141.jpg (23.02 MB)
    >> HARBOUR 10-2420142.jpg: 100% (13.1 MB / 13.1 MB)
  [+] Copied file: HARBOUR 10-2420142.jpg (13.09 MB)
  [+] Copied file: HARBOUR 10-2420145.jpg (4.51 MB)
  [+] Copied file: HARBOUR 10-2420151.jpg (4.00 MB)
  [+] Copied file: HARBOUR 10-2420155.jpg (4.03 MB)
  [+] Copied file: HARBOUR 10-2420159.jpg (5.14 MB)
    >> HARBOUR 10-2420161.jpg: 100% (12.7 MB / 12.7 MB)
  [+] Copied file: HARBOUR 10-2420161.jpg (12.71 MB)
  [+] Copied file: HARBOUR 10-2420162.jpg (7.14 MB)
    >> HARBOUR 10-2420163.jpg: 100% (15.3 MB / 15.3 MB)
  [+] Copied file: HARBOUR 10-2420163.jpg (15.28 MB)
  [+] Copied file: HARBOUR 10-2420165.jpg (4.33 MB)
  [+] Copied file: HARBOUR 10-2420168.jpg (3.38 MB)
  [+] Copied file: HARBOUR 10-2420170.jpg (7.77 MB)
    >> HARBOUR 10-2420171.jpg: 86% (15.6 MB / 18.0 MB)
  [+] Copied file: HARBOUR 10-2420171.jpg (17.98 MB)
    >> HARBOUR 10-2420172.jpg: 100% (15.5 MB / 15.5 MB)
  [+] Copied file: HARBOUR 10-2420172.jpg (15.54 MB)
  [+] Copied file: HARBOUR 10-2420173.jpg (6.71 MB)
  [+] Copied file: HARBOUR 10-2420174.jpg (4.14 MB)
[SUCCESS] Copy completed on attempt 1
Processed 1 item(s).
